// Jest Snapshot v1, https://goo.gl/fbAQLP

exports[`home renders 1`] = `
<div>
  <div
    class="MuiContainer-root MuiContainer-maxWidthLg css-1oqqzyl-MuiContainer-root"
  >
    <div
      class="MuiContainer-root MuiContainer-maxWidthLg relative h-screen  pt-5 css-1oqqzyl-MuiContainer-root"
    />
    // should I use forwardRef here ?? // https://react.dev/reference/react/forwardRef
    Portfolio {"elementRef":{"current":null}}
    Portfolio {"elementRef":{"current":null}}
  </div>
</div>
`;
